<html>
<body>
<pre>
<h1>礦ision Build Log</h1>
<h2>Tool Versions:</h2>
IDE-Version: μVision V5.29.0.0
Copyright (C) 2019 ARM Ltd and ARM Germany GmbH. All rights reserved.
License Information: 软件安装管家 Microsoft, Microsoft, LIC=UB4CX-HK3UL-05RTY-IKK7S-QA6NC-JQDJF
 
Tool Versions:
Toolchain:       MDK-ARM Professional  Version: 5.29.0.0
Toolchain Path:  D:\ARM\ARMCC\Bin
C Compiler:      Armcc.exe V5.06 update 6 (build 750)
Assembler:       Armasm.exe V5.06 update 6 (build 750)
Linker/Locator:  ArmLink.exe V5.06 update 6 (build 750)
Library Manager: ArmAr.exe V5.06 update 6 (build 750)
Hex Converter:   FromElf.exe V5.06 update 6 (build 750)
CPU DLL:         SARMCM3.DLL V5.29.0.0
Dialog DLL:      DCM.DLL V1.17.3.0
Target DLL:      STLink\ST-LINKIII-KEIL_SWO.dll V3.0.7.0
Dialog DLL:      TCM.DLL V1.36.5.0
 
<h2>Project:</h2>
E:\stm32\陀螺仪WT901C\WT901C\示例程序\STM32\STM32Core串口JY901接串口助手\MDK\Project.uvprojx
Project File Date:  10/22/2020

<h2>Output:</h2>
*** Using Compiler 'V5.06 update 6 (build 750)', folder: 'D:\ARM\ARMCC\Bin'
Build target 'Project'
compiling delay.c...
..\Source\STM32F10xLib\M3\core_cm3.h(1480): warning:  #223-D: function "__DSB" declared implicitly
    __DSB();                                                     /* Ensure all outstanding memory accesses included
..\Source\Drive\delay.c(34): warning:  #68-D: integer conversion resulted in a change of sign
    NVIC_InitStructure.NVIC_IRQChannel = SysTick_IRQn;
..\Source\Drive\delay.c: 2 warnings, 0 errors
compiling misc.c...
..\Source\STM32F10xLib\M3\core_cm3.h(1480): warning:  #223-D: function "__DSB" declared implicitly
    __DSB();                                                     /* Ensure all outstanding memory accesses included
..\Source\STM32F10xLib\src\misc.c: 1 warning, 0 errors
compiling system_stm32f10x.c...
..\Source\STM32F10xLib\M3\core_cm3.h(1480): warning:  #223-D: function "__DSB" declared implicitly
    __DSB();                                                     /* Ensure all outstanding memory accesses included
..\Source\STM32F10xLib\M3\system_stm32f10x.c: 1 warning, 0 errors
compiling DIO.c...
..\Source\STM32F10xLib\M3\core_cm3.h(1480): warning:  #223-D: function "__DSB" declared implicitly
    __DSB();                                                     /* Ensure all outstanding memory accesses included
..\Source\Drive\DIO.c: 1 warning, 0 errors
compiling UART1.c...
..\Source\STM32F10xLib\M3\core_cm3.h(1480): warning:  #223-D: function "__DSB" declared implicitly
    __DSB();                                                     /* Ensure all outstanding memory accesses included
..\Source\Drive\UART1.c: 1 warning, 0 errors
compiling UART2.c...
..\Source\STM32F10xLib\M3\core_cm3.h(1480): warning:  #223-D: function "__DSB" declared implicitly
    __DSB();                                                     /* Ensure all outstanding memory accesses included
..\Source\Drive\UART2.c(79): warning:  #1-D: last line of file ends without a newline
  }
..\Source\Drive\UART2.c: 2 warnings, 0 errors
compiling stm32f10x_gpio.c...
..\Source\STM32F10xLib\M3\core_cm3.h(1480): warning:  #223-D: function "__DSB" declared implicitly
    __DSB();                                                     /* Ensure all outstanding memory accesses included
..\Source\STM32F10xLib\src\stm32f10x_gpio.c: 1 warning, 0 errors
compiling stm32f10x_usart.c...
..\Source\STM32F10xLib\M3\core_cm3.h(1480): warning:  #223-D: function "__DSB" declared implicitly
    __DSB();                                                     /* Ensure all outstanding memory accesses included
..\Source\STM32F10xLib\src\stm32f10x_usart.c: 1 warning, 0 errors
compiling Main.c...
..\Source\STM32F10xLib\M3\core_cm3.h(1480): warning:  #223-D: function "__DSB" declared implicitly
    __DSB();                                                     /* Ensure all outstanding memory accesses included
..\Source\APP\Main.c: 1 warning, 0 errors
compiling stm32f10x_rcc.c...
..\Source\STM32F10xLib\M3\core_cm3.h(1480): warning:  #223-D: function "__DSB" declared implicitly
    __DSB();                                                     /* Ensure all outstanding memory accesses included
..\Source\STM32F10xLib\src\stm32f10x_rcc.c: 1 warning, 0 errors
linking...
Program Size: Code=9256 RO-data=336 RW-data=128 ZI-data=1792  
FromELF: creating hex file...
".\Obj\Project.axf" - 0 Error(s), 12 Warning(s).

<h2>Software Packages used:</h2>

Package Vendor: ARM
                http://www.keil.com/pack/ARM.CMSIS.5.6.0.pack
                ARM.CMSIS.5.6.0
                CMSIS (Cortex Microcontroller Software Interface Standard)
   * Component: CORE Version: 5.3.0

Package Vendor: Keil
                http://www.keil.com/pack/Keil.STM32F1xx_DFP.2.3.0.pack
                Keil.STM32F1xx_DFP.2.3.0
                STMicroelectronics STM32F1 Series Device Support, Drivers and Examples

<h2>Collection of Component include folders:</h2>
  .\RTE\_Project
  D:\ARM\PACK\ARM\CMSIS\5.6.0\CMSIS\Core\Include
  D:\ARM\PACK\Keil\STM32F1xx_DFP\2.3.0\Device\Include

<h2>Collection of Component Files used:</h2>

   * Component: ARM::CMSIS:CORE:5.3.0
Build Time Elapsed:  00:00:01
</pre>
</body>
</html>
