<html>
<body>
<pre>
<h1>礦ision Build Log</h1>
<h2>Tool Versions:</h2>
IDE-Version: μVision V5.21.1.0
Copyright (C) 2016 ARM Ltd and ARM Germany GmbH. All rights reserved.
License Information: wang admin, HP Inc., LIC=ZB4EI-TEVR2-569Q2-9ENC9-ANN0B-R2AEC
 
Tool Versions:
Toolchain:       MDK-ARM Plus  Version: 5.21a
Toolchain Path:  G:\mdk5\ARM\ARMCC\Bin
C Compiler:      Armcc.exe V5.06 update 3 (build 300)
Assembler:       Armasm.exe V5.06 update 3 (build 300)
Linker/Locator:  ArmLink.exe V5.06 update 3 (build 300)
Library Manager: ArmAr.exe V5.06 update 3 (build 300)
Hex Converter:   FromElf.exe V5.06 update 3 (build 300)
CPU DLL:         SARMCM3.DLL V5.21a
Dialog DLL:      DCM.DLL V1.13.8.0
Target DLL:      STLink\ST-LINKIII-KEIL_SWO.dll V2.0.18.0
Dialog DLL:      TCM.DLL V1.14.14.0
 
<h2>Project:</h2>
G:\gitkraken repo\new_province\2020_province_competition\MCU\MODULE\WT901C\示例程序\STM32\STM32Core串口JY901接串口助手\MDK\Project.uvprojx
Project File Date:  10/24/2020

<h2>Output:</h2>
*** Using Compiler 'V5.06 update 3 (build 300)', folder: 'G:\mdk5\ARM\ARMCC\Bin'
Build target 'Project'
compiling UART1.c...
..\Source\STM32F10xLib\M3\core_cm3.h(1480): warning:  #223-D: function "__DSB" declared implicitly
    __DSB();                                                     /* Ensure all outstanding memory accesses included
..\Source\Drive\UART1.c: 1 warning, 0 errors
compiling system_stm32f10x.c...
..\Source\STM32F10xLib\M3\core_cm3.h(1480): warning:  #223-D: function "__DSB" declared implicitly
    __DSB();                                                     /* Ensure all outstanding memory accesses included
..\Source\STM32F10xLib\M3\system_stm32f10x.c: 1 warning, 0 errors
compiling UART2.c...
..\Source\STM32F10xLib\M3\core_cm3.h(1480): warning:  #223-D: function "__DSB" declared implicitly
    __DSB();                                                     /* Ensure all outstanding memory accesses included
..\Source\Drive\UART2.c(79): warning:  #1-D: last line of file ends without a newline
  }
..\Source\Drive\UART2.c: 2 warnings, 0 errors
compiling misc.c...
..\Source\STM32F10xLib\M3\core_cm3.h(1480): warning:  #223-D: function "__DSB" declared implicitly
    __DSB();                                                     /* Ensure all outstanding memory accesses included
..\Source\STM32F10xLib\src\misc.c: 1 warning, 0 errors
compiling DIO.c...
..\Source\STM32F10xLib\M3\core_cm3.h(1480): warning:  #223-D: function "__DSB" declared implicitly
    __DSB();                                                     /* Ensure all outstanding memory accesses included
..\Source\Drive\DIO.c: 1 warning, 0 errors
compiling delay.c...
..\Source\STM32F10xLib\M3\core_cm3.h(1480): warning:  #223-D: function "__DSB" declared implicitly
    __DSB();                                                     /* Ensure all outstanding memory accesses included
..\Source\Drive\delay.c(34): warning:  #68-D: integer conversion resulted in a change of sign
    NVIC_InitStructure.NVIC_IRQChannel = SysTick_IRQn;
..\Source\Drive\delay.c: 2 warnings, 0 errors
compiling Main.c...
..\Source\STM32F10xLib\M3\core_cm3.h(1480): warning:  #223-D: function "__DSB" declared implicitly
    __DSB();                                                     /* Ensure all outstanding memory accesses included
..\Source\APP\Main.c: 1 warning, 0 errors
assembling startup_stm32f10x_hd.s...
compiling stm32f10x_gpio.c...
..\Source\STM32F10xLib\M3\core_cm3.h(1480): warning:  #223-D: function "__DSB" declared implicitly
    __DSB();                                                     /* Ensure all outstanding memory accesses included
..\Source\STM32F10xLib\src\stm32f10x_gpio.c: 1 warning, 0 errors
compiling stm32f10x_usart.c...
..\Source\STM32F10xLib\M3\core_cm3.h(1480): warning:  #223-D: function "__DSB" declared implicitly
    __DSB();                                                     /* Ensure all outstanding memory accesses included
..\Source\STM32F10xLib\src\stm32f10x_usart.c: 1 warning, 0 errors
compiling stm32f10x_rcc.c...
..\Source\STM32F10xLib\M3\core_cm3.h(1480): warning:  #223-D: function "__DSB" declared implicitly
    __DSB();                                                     /* Ensure all outstanding memory accesses included
..\Source\STM32F10xLib\src\stm32f10x_rcc.c: 1 warning, 0 errors
linking...
Program Size: Code=9256 RO-data=336 RW-data=128 ZI-data=1792  
FromELF: creating hex file...
".\Obj\Project.axf" - 0 Error(s), 12 Warning(s).

<h2>Software Packages used:</h2>

Package Vendor: ARM
                http://www.keil.com/pack/ARM.CMSIS.4.5.0.pack
                ARM::CMSIS:CORE:4.3.0
                CMSIS (Cortex Microcontroller Software Interface Standard)
   * Component: CORE Version: 4.3.0

<h2>Collection of Component include folders:</h2>
  G:\gitkraken repo\new_province\2020_province_competition\MCU\MODULE\WT901C\示例程序\STM32\STM32Core串口JY901接串口助手\MDK\RTE
  G:\mdk5\ARM\PACK\ARM\CMSIS\4.5.0\CMSIS\Include
  G:\mdk5\ARM\PACK\Keil\STM32F1xx_DFP\2.3.0\Device\Include

<h2>Collection of Component Files used:</h2>

   * Component: ARM::CMSIS:CORE:4.3.0
Build Time Elapsed:  00:00:06
</pre>
</body>
</html>
