<html>
<body>
<pre>
<h1>µVision Build Log</h1>
<h2>Tool Versions:</h2>
IDE-Version: ¦ÌVision V5.21.1.0
Copyright (C) 2016 ARM Ltd and ARM Germany GmbH. All rights reserved.
License Information: wang admin, HP Inc., LIC=ZB4EI-TEVR2-569Q2-9ENC9-ANN0B-R2AEC
 
Tool Versions:
Toolchain:       MDK-ARM Plus  Version: 5.21a
Toolchain Path:  G:\mdk5\ARM\ARMCC\Bin
C Compiler:      Armcc.exe V5.06 update 3 (build 300)
Assembler:       Armasm.exe V5.06 update 3 (build 300)
Linker/Locator:  ArmLink.exe V5.06 update 3 (build 300)
Library Manager: ArmAr.exe V5.06 update 3 (build 300)
Hex Converter:   FromElf.exe V5.06 update 3 (build 300)
CPU DLL:         SARMCM3.DLL V5.21a
Dialog DLL:      DCM.DLL V1.13.8.0
Target DLL:      STLink\ST-LINKIII-KEIL_SWO.dll V2.0.18.0
Dialog DLL:      TCM.DLL V1.14.14.0
 
<h2>Project:</h2>
G:\rc_car\RC_car\MDK-ARM\RC_car.uvprojx
Project File Date:  10/27/2020

<h2>Output:</h2>
*** Using Compiler 'V5.06 update 3 (build 300)', folder: 'G:\mdk5\ARM\ARMCC\Bin'
Build target 'RC_car'
compiling main.c...
../Core/Src/main.c(69): warning:  #223-D: function "printf" declared implicitly
  printf("1111 1110\r\n");
../Core/Src/main.c: 1 warning, 0 errors
linking...
Program Size: Code=6068 RO-data=448 RW-data=24 ZI-data=1216  
FromELF: creating hex file...
"RC_car\RC_car.axf" - 0 Error(s), 1 Warning(s).

<h2>Collection of Component include folders:</h2>
  G:\rc_car\RC_car\MDK-ARM\RTE
  G:\mdk5\ARM\PACK\Keil\STM32F4xx_DFP\2.9.0\Drivers\CMSIS\Device\ST\STM32F4xx\Include

<h2>Collection of Component Files used:</h2>
Build Time Elapsed:  00:00:03
</pre>
</body>
</html>
